2024-08-11T08:13:12.780Z - ReferenceError: filePath is not defined
    at getPlayerPrediction (/Users/taeyoungkim/personal_projects/nba_prediction/backend/controllers/predictionController.js:25:20)
    at Layer.handle [as handle_request] (/Users/taeyoungkim/personal_projects/nba_prediction/backend/node_modules/express/lib/router/layer.js:95:5)
    at next (/Users/taeyoungkim/personal_projects/nba_prediction/backend/node_modules/express/lib/router/route.js:149:13)
    at Route.dispatch (/Users/taeyoungkim/personal_projects/nba_prediction/backend/node_modules/express/lib/router/route.js:119:3)
    at Layer.handle [as handle_request] (/Users/taeyoungkim/personal_projects/nba_prediction/backend/node_modules/express/lib/router/layer.js:95:5)
    at /Users/taeyoungkim/personal_projects/nba_prediction/backend/node_modules/express/lib/router/index.js:284:15
    at Function.process_params (/Users/taeyoungkim/personal_projects/nba_prediction/backend/node_modules/express/lib/router/index.js:346:12)
    at next (/Users/taeyoungkim/personal_projects/nba_prediction/backend/node_modules/express/lib/router/index.js:280:10)
    at Function.handle (/Users/taeyoungkim/personal_projects/nba_prediction/backend/node_modules/express/lib/router/index.js:175:3)
    at router (/Users/taeyoungkim/personal_projects/nba_prediction/backend/node_modules/express/lib/router/index.js:47:12)
